Stockfish: C:\Users\Niklas Gellert\OneDrive\Desktop\Schachprogramm\Schachprogramm_v3.2_git\engine\stockfish-windows-x86-64-universal\stockfish\stockfish-windows-x86-64-universal.exe
[   1/120]  820  mateIn2+promotion+hangingPiece+fork+backRankMate 3 Halbzuege  (1 Partien, 36 Stellungen, 1 Kandidaten, 3s)
[   2/120]  600  mateIn1+check                1 Halbzuege  (1 Partien, 38 Stellungen, 2 Kandidaten, 4s)
[   3/120] 1220  mateIn3+check+long           5 Halbzuege  (3 Partien, 197 Stellungen, 8 Kandidaten, 26s)
[   4/120]  600  mateIn1+check                1 Halbzuege  (4 Partien, 251 Stellungen, 12 Kandidaten, 30s)
[   5/120]  600  mateIn1+check+backRankMate   1 Halbzuege  (6 Partien, 408 Stellungen, 18 Kandidaten, 51s)
[   6/120] 1560  mateIn3+sacrifice+check+long 5 Halbzuege  (8 Partien, 529 Stellungen, 20 Kandidaten, 62s)
[   7/120]  600  mateIn1+fork+backRankMate    1 Halbzuege  (8 Partien, 533 Stellungen, 22 Kandidaten, 62s)
[   8/120] 1050  mateIn3+hangingPiece+check+long 5 Halbzuege  (8 Partien, 539 Stellungen, 25 Kandidaten, 62s)
[   9/120]  600  mateIn1+check                1 Halbzuege  (8 Partien, 543 Stellungen, 27 Kandidaten, 62s)
[  10/120]  820  mateIn2+hangingPiece+check   3 Halbzuege  (8 Partien, 545 Stellungen, 28 Kandidaten, 62s)
[  11/120]  990  mateIn2+fork                 3 Halbzuege  (8 Partien, 553 Stellungen, 31 Kandidaten, 63s)
[  12/120]  600  mateIn1+check                1 Halbzuege  (8 Partien, 555 Stellungen, 32 Kandidaten, 63s)
[  13/120]  600  mateIn1+check                1 Halbzuege  (9 Partien, 629 Stellungen, 35 Kandidaten, 70s)
[  14/120]  600  mateIn1+check                1 Halbzuege  (9 Partien, 631 Stellungen, 36 Kandidaten, 70s)
[  15/120] 1040  mateIn2+fork                 3 Halbzuege  (10 Partien, 706 Stellungen, 39 Kandidaten, 116s)
[  16/120]  600  mateIn1+check                1 Halbzuege  (10 Partien, 708 Stellungen, 40 Kandidaten, 116s)
[  17/120] 1050  mateIn3+hangingPiece+backRankMate+long 5 Halbzuege  (10 Partien, 710 Stellungen, 41 Kandidaten, 116s)
[  18/120]  990  mateIn2+check+backRankMate   3 Halbzuege  (10 Partien, 712 Stellungen, 42 Kandidaten, 116s)
[  19/120] 1260  mateIn2+check                3 Halbzuege  (12 Partien, 844 Stellungen, 47 Kandidaten, 137s)
[  20/120]  600  mateIn1+check                1 Halbzuege  (12 Partien, 846 Stellungen, 48 Kandidaten, 137s)
[  21/120]  600  mateIn1+check                1 Halbzuege  (14 Partien, 958 Stellungen, 58 Kandidaten, 148s)
[  22/120]  600  mateIn1+check                1 Halbzuege  (16 Partien, 1115 Stellungen, 67 Kandidaten, 227s)
[  23/120] 1050  mateIn3+hangingPiece+long    5 Halbzuege  (18 Partien, 1242 Stellungen, 70 Kandidaten, 242s)
[  24/120] 1050  mateIn3+hangingPiece+backRankMate+long 5 Halbzuege  (18 Partien, 1244 Stellungen, 71 Kandidaten, 242s)
[  25/120]  600  mateIn1+check                1 Halbzuege  (18 Partien, 1246 Stellungen, 72 Kandidaten, 242s)
[  26/120]  600  mateIn1+check                1 Halbzuege  (26 Partien, 1853 Stellungen, 88 Kandidaten, 395s)
[  27/120]  600  mateIn1+check                1 Halbzuege  (27 Partien, 1926 Stellungen, 93 Kandidaten, 402s)
[  28/120]  600  mateIn1+check                1 Halbzuege  (27 Partien, 1928 Stellungen, 94 Kandidaten, 402s)
[  29/120]  600  mateIn1+check                1 Halbzuege  (29 Partien, 2084 Stellungen, 99 Kandidaten, 424s)
[  30/120] 1120  mateIn3+check+long           5 Halbzuege  (36 Partien, 2631 Stellungen, 120 Kandidaten, 495s)
[  31/120]  820  mateIn2+hangingPiece+check   3 Halbzuege  (36 Partien, 2633 Stellungen, 121 Kandidaten, 495s)
[  32/120]  600  mateIn1+check                1 Halbzuege  (36 Partien, 2635 Stellungen, 122 Kandidaten, 495s)
[  33/120] 1260  mateIn2+check                3 Halbzuege  (39 Partien, 2868 Stellungen, 135 Kandidaten, 556s)
[  34/120]  600  mateIn1+check                1 Halbzuege  (39 Partien, 2870 Stellungen, 136 Kandidaten, 556s)
[  35/120]  940  mateIn2+check                3 Halbzuege  (39 Partien, 2872 Stellungen, 137 Kandidaten, 556s)
[  36/120]  600  mateIn1+check                1 Halbzuege  (39 Partien, 2876 Stellungen, 139 Kandidaten, 556s)
[  37/120]  600  mateIn1+check                1 Halbzuege  (43 Partien, 3087 Stellungen, 153 Kandidaten, 641s)
[  38/120]  600  mateIn1+check                1 Halbzuege  (43 Partien, 3089 Stellungen, 154 Kandidaten, 641s)
[  39/120]  600  mateIn1+promotion+check      1 Halbzuege  (44 Partien, 3162 Stellungen, 162 Kandidaten, 647s)
[  40/120]  600  mateIn1+check+backRankMate   1 Halbzuege  (45 Partien, 3187 Stellungen, 163 Kandidaten, 649s)
