Stockfish: C:\Users\Niklas Gellert\OneDrive\Desktop\Schachprogramm\Schachprogramm_v3.2_git\engine\stockfish-windows-x86-64-universal\stockfish\stockfish-windows-x86-64-universal.exe
[   1/320]  880  advantage                    1 Halbzuege  (1 Partien, 47 Stellungen, 2 Kandidaten, 7s)
[   2/320] 1160  sacrifice+fork               3 Halbzuege  (1 Partien, 71 Stellungen, 3 Kandidaten, 11s)
[   3/320] 1120  check+long                   5 Halbzuege  (1 Partien, 74 Stellungen, 4 Kandidaten, 32s)
[   4/320] 1060  advantage                    3 Halbzuege  (2 Partien, 100 Stellungen, 5 Kandidaten, 119s)
[   5/320]  640  hangingPiece                 1 Halbzuege  (6 Partien, 401 Stellungen, 9 Kandidaten, 139s)
[   6/320]  880  advantage                    1 Halbzuege  (8 Partien, 553 Stellungen, 10 Kandidaten, 153s)
[   7/320] 1280  sacrifice                    3 Halbzuege  (9 Partien, 596 Stellungen, 12 Kandidaten, 179s)
[   8/320]  940  check                        3 Halbzuege  (9 Partien, 618 Stellungen, 13 Kandidaten, 209s)
[   9/320]  820  hangingPiece                 3 Halbzuege  (10 Partien, 733 Stellungen, 16 Kandidaten, 223s)
[  10/320]  880  advantage                    1 Halbzuege  (12 Partien, 837 Stellungen, 18 Kandidaten, 244s)
[  11/320]  940  check                        3 Halbzuege  (13 Partien, 886 Stellungen, 19 Kandidaten, 264s)
[  12/320]  760  fork                         1 Halbzuege  (13 Partien, 910 Stellungen, 20 Kandidaten, 272s)
[  13/320]  760  fork                         1 Halbzuege  (15 Partien, 1040 Stellungen, 22 Kandidaten, 285s)
[  14/320] 1060  advantage                    3 Halbzuege  (16 Partien, 1087 Stellungen, 24 Kandidaten, 297s)
[  15/320]  880  advantage                    1 Halbzuege  (16 Partien, 1109 Stellungen, 25 Kandidaten, 305s)
[  16/320] 1120  long                         5 Halbzuege  (16 Partien, 1110 Stellungen, 26 Kandidaten, 309s)
[  17/320] 1280  sacrifice                    3 Halbzuege  (17 Partien, 1212 Stellungen, 29 Kandidaten, 324s)
[  18/320] 1240  fork+long                    5 Halbzuege  (17 Partien, 1214 Stellungen, 30 Kandidaten, 344s)
[  19/320]  640  hangingPiece                 1 Halbzuege  (17 Partien, 1216 Stellungen, 31 Kandidaten, 350s)
[  20/320]  880  advantage                    1 Halbzuege  (19 Partien, 1318 Stellungen, 32 Kandidaten, 365s)
[  21/320]  640  hangingPiece                 1 Halbzuege  (22 Partien, 1546 Stellungen, 33 Kandidaten, 380s)
[  22/320] 1060  fork                         3 Halbzuege  (23 Partien, 1612 Stellungen, 34 Kandidaten, 434s)
[  23/320]  820  hangingPiece                 3 Halbzuege  (24 Partien, 1688 Stellungen, 35 Kandidaten, 441s)
[  24/320]  760  advantage                    1 Halbzuege  (24 Partien, 1735 Stellungen, 36 Kandidaten, 447s)
[  25/320] 1240  long                         5 Halbzuege  (27 Partien, 1972 Stellungen, 40 Kandidaten, 506s)
[  26/320]  640  hangingPiece                 1 Halbzuege  (28 Partien, 2028 Stellungen, 41 Kandidaten, 510s)
[  27/320] 1340  sacrifice+fork+long          5 Halbzuege  (32 Partien, 2327 Stellungen, 44 Kandidaten, 544s)
[  28/320] 1120  long                         5 Halbzuege  (32 Partien, 2329 Stellungen, 45 Kandidaten, 558s)
[  29/320]  820  hangingPiece                 3 Halbzuege  (34 Partien, 2473 Stellungen, 46 Kandidaten, 570s)
[  30/320] 1060  fork                         3 Halbzuege  (38 Partien, 2731 Stellungen, 48 Kandidaten, 592s)
[  31/320]  880  advantage                    1 Halbzuege  (38 Partien, 2753 Stellungen, 49 Kandidaten, 595s)
[  32/320] 1060  fork                         3 Halbzuege  (47 Partien, 3354 Stellungen, 56 Kandidaten, 647s)
[  33/320]  940  check                        3 Halbzuege  (48 Partien, 3440 Stellungen, 58 Kandidaten, 658s)
[  34/320]  940  fork                         3 Halbzuege  (48 Partien, 3444 Stellungen, 60 Kandidaten, 659s)
[  35/320]  760  advantage                    1 Halbzuege  (48 Partien, 3446 Stellungen, 61 Kandidaten, 660s)
[  36/320] 1460  sacrifice+fork+long          5 Halbzuege  (53 Partien, 3800 Stellungen, 65 Kandidaten, 704s)
[  37/320] 1120  long                         5 Halbzuege  (54 Partien, 3871 Stellungen, 66 Kandidaten, 719s)
[  38/320] 1240  long                         5 Halbzuege  (54 Partien, 3873 Stellungen, 67 Kandidaten, 722s)
[  39/320]  640  hangingPiece                 1 Halbzuege  (54 Partien, 3875 Stellungen, 68 Kandidaten, 724s)
[  40/320]  860  check                        3 Halbzuege  (58 Partien, 4178 Stellungen, 71 Kandidaten, 744s)
[  41/320] 1160  sacrifice                    3 Halbzuege  (67 Partien, 4754 Stellungen, 76 Kandidaten, 787s)
[  42/320] 1000  hangingPiece+long            5 Halbzuege  (67 Partien, 4760 Stellungen, 78 Kandidaten, 791s)
[  43/320] 1280  long                         5 Halbzuege  (68 Partien, 4872 Stellungen, 80 Kandidaten, 841s)
[  44/320] 1030  sacrifice+fork               1 Halbzuege  (68 Partien, 4874 Stellungen, 81 Kandidaten, 844s)
[  45/320]  940  advantage                    3 Halbzuege  (70 Partien, 4932 Stellungen, 83 Kandidaten, 852s)
[  46/320] 1060  fork                         3 Halbzuege  (70 Partien, 4934 Stellungen, 84 Kandidaten, 861s)
[  47/320] 1060  advantage                    3 Halbzuege  (71 Partien, 5047 Stellungen, 85 Kandidaten, 877s)
[  48/320]  760  advantage                    1 Halbzuege  (72 Partien, 5123 Stellungen, 87 Kandidaten, 885s)
[  49/320] 1240  long                         5 Halbzuege  (73 Partien, 5201 Stellungen, 89 Kandidaten, 894s)
[  50/320]  880  advantage                    1 Halbzuege  (74 Partien, 5250 Stellungen, 91 Kandidaten, 903s)
[  51/320]  760  advantage                    1 Halbzuege  (80 Partien, 5660 Stellungen, 99 Kandidaten, 936s)
[  52/320]  880  advantage                    1 Halbzuege  (85 Partien, 6035 Stellungen, 102 Kandidaten, 963s)
[  53/320] 1120  long                         5 Halbzuege  (89 Partien, 6342 Stellungen, 105 Kandidaten, 2924s)
[  54/320]  760  advantage                    1 Halbzuege  (89 Partien, 6344 Stellungen, 106 Kandidaten, 2927s)
[  55/320]  640  hangingPiece                 1 Halbzuege  (100 Partien, 7152 Stellungen, 108 Kandidaten, 2976s)
[  56/320] 1060  fork                         3 Halbzuege  (104 Partien, 7445 Stellungen, 111 Kandidaten, 2998s)
[  57/320]  880  advantage                    1 Halbzuege  (104 Partien, 7468 Stellungen, 112 Kandidaten, 3002s)
[  58/320]  940  advantage                    3 Halbzuege  (105 Partien, 7555 Stellungen, 113 Kandidaten, 3014s)
[  59/320]  820  hangingPiece                 3 Halbzuege  (105 Partien, 7571 Stellungen, 114 Kandidaten, 3016s)
[  60/320]  980  sacrifice+check              1 Halbzuege  (106 Partien, 7589 Stellungen, 115 Kandidaten, 3032s)
[  61/320]  880  advantage                    1 Halbzuege  (106 Partien, 7616 Stellungen, 116 Kandidaten, 3039s)
[  62/320] 1060  fork                         3 Halbzuege  (107 Partien, 7676 Stellungen, 120 Kandidaten, 3051s)
[  63/320] 1280  sacrifice                    3 Halbzuege  (107 Partien, 7703 Stellungen, 123 Kandidaten, 3078s)
[  64/320]  760  fork                         1 Halbzuege  (107 Partien, 7707 Stellungen, 125 Kandidaten, 3079s)
[  65/320] 1060  fork                         3 Halbzuege  (119 Partien, 8523 Stellungen, 129 Kandidaten, 3134s)
[  66/320]  940  check                        3 Halbzuege  (123 Partien, 8856 Stellungen, 132 Kandidaten, 3162s)
[  67/320] 1280  sacrifice                    3 Halbzuege  (126 Partien, 9076 Stellungen, 134 Kandidaten, 3180s)
[  68/320] 1060  advantage                    3 Halbzuege  (129 Partien, 9320 Stellungen, 135 Kandidaten, 3203s)
[  69/320] 1160  sacrifice                    3 Halbzuege  (131 Partien, 9472 Stellungen, 138 Kandidaten, 3221s)
[  70/320]  940  fork                         3 Halbzuege  (136 Partien, 9733 Stellungen, 141 Kandidaten, 3243s)
[  71/320] 1260  sacrifice                    3 Halbzuege  (140 Partien, 10054 Stellungen, 143 Kandidaten, 3267s)
[  72/320] 1460  sacrifice+long               5 Halbzuege  (149 Partien, 10723 Stellungen, 153 Kandidaten, 3333s)
[  73/320] 1240  long                         5 Halbzuege  (149 Partien, 10727 Stellungen, 154 Kandidaten, 3346s)
[  74/320] 1060  advantage                    3 Halbzuege  (149 Partien, 10729 Stellungen, 155 Kandidaten, 3347s)
[  75/320] 1060  fork                         3 Halbzuege  (153 Partien, 11021 Stellungen, 159 Kandidaten, 3367s)
[  76/320] 1060  advantage                    3 Halbzuege  (161 Partien, 11543 Stellungen, 163 Kandidaten, 3407s)
[  77/320]  880  advantage                    1 Halbzuege  (161 Partien, 11545 Stellungen, 164 Kandidaten, 3409s)
[  78/320] 1060  advantage                    3 Halbzuege  (162 Partien, 11677 Stellungen, 166 Kandidaten, 3419s)
[  79/320]  940  advantage                    3 Halbzuege  (171 Partien, 12359 Stellungen, 172 Kandidaten, 3470s)
[  80/320]  940  check                        3 Halbzuege  (173 Partien, 12488 Stellungen, 173 Kandidaten, 3482s)
[  81/320]  760  fork                         1 Halbzuege  (179 Partien, 12999 Stellungen, 179 Kandidaten, 3526s)
[  82/320] 1060  advantage                    3 Halbzuege  (180 Partien, 13062 Stellungen, 180 Kandidaten, 3532s)
[  83/320]  640  hangingPiece+fork            1 Halbzuege  (185 Partien, 13408 Stellungen, 184 Kandidaten, 3558s)
[  84/320]  760  check                        1 Halbzuege  (189 Partien, 13746 Stellungen, 188 Kandidaten, 3587s)
[  85/320]  640  hangingPiece                 1 Halbzuege  (192 Partien, 13921 Stellungen, 189 Kandidaten, 3602s)
[  86/320]  760  advantage                    1 Halbzuege  (192 Partien, 13965 Stellungen, 191 Kandidaten, 3606s)
[  87/320]  940  check                        3 Halbzuege  (192 Partien, 13972 Stellungen, 192 Kandidaten, 3608s)
[  88/320]  800  advantage                    1 Halbzuege  (199 Partien, 14476 Stellungen, 196 Kandidaten, 3647s)
[  89/320] 1310  sacrifice+check+long         5 Halbzuege  (199 Partien, 14480 Stellungen, 197 Kandidaten, 3647s)
[  90/320] 1040  check+long                   5 Halbzuege  (199 Partien, 14482 Stellungen, 198 Kandidaten, 3648s)
[  91/320]  940  fork                         3 Halbzuege  (202 Partien, 14714 Stellungen, 200 Kandidaten, 3664s)
[  92/320]  760  fork                         1 Halbzuege  (205 Partien, 14914 Stellungen, 202 Kandidaten, 3679s)
[  93/320] 1240  long                         5 Halbzuege  (206 Partien, 14986 Stellungen, 203 Kandidaten, 3693s)
[  94/320] 1240  long                         5 Halbzuege  (207 Partien, 15063 Stellungen, 204 Kandidaten, 3703s)
[  95/320]  860  mateIn2+fork                 3 Halbzuege  (207 Partien, 15064 Stellungen, 205 Kandidaten, 3704s)
[  96/320]  600  mateIn1+fork                 1 Halbzuege  (207 Partien, 15066 Stellungen, 206 Kandidaten, 3704s)
[  97/320]  800  advantage                    1 Halbzuege  (208 Partien, 15112 Stellungen, 207 Kandidaten, 3709s)
[  98/320]  980  sacrifice+check              1 Halbzuege  (209 Partien, 15188 Stellungen, 208 Kandidaten, 3714s)
[  99/320] 1220  check+long                   5 Halbzuege  (210 Partien, 15233 Stellungen, 209 Kandidaten, 3725s)
[ 100/320]  640  hangingPiece                 1 Halbzuege  (212 Partien, 15408 Stellungen, 212 Kandidaten, 3746s)
[ 101/320] 1160  sacrifice+fork               3 Halbzuege  (213 Partien, 15460 Stellungen, 213 Kandidaten, 3752s)
[ 102/320]  640  hangingPiece                 1 Halbzuege  (219 Partien, 15948 Stellungen, 217 Kandidaten, 3787s)
[ 103/320]  820  hangingPiece                 3 Halbzuege  (222 Partien, 16193 Stellungen, 219 Kandidaten, 3805s)
[ 104/320] 1060  advantage                    3 Halbzuege  (230 Partien, 16754 Stellungen, 223 Kandidaten, 3849s)
[ 105/320] 1060  advantage                    3 Halbzuege  (230 Partien, 16756 Stellungen, 224 Kandidaten, 3854s)
[ 106/320]  980  sacrifice                    1 Halbzuege  (231 Partien, 16827 Stellungen, 226 Kandidaten, 3864s)
[ 107/320]  860  check                        3 Halbzuege  (231 Partien, 16834 Stellungen, 227 Kandidaten, 3865s)
[ 108/320] 1240  fork+long                    5 Halbzuege  (233 Partien, 17000 Stellungen, 230 Kandidaten, 3881s)
[ 109/320] 1240  long                         5 Halbzuege  (233 Partien, 17002 Stellungen, 231 Kandidaten, 3881s)
[ 110/320]  940  advantage                    3 Halbzuege  (234 Partien, 17026 Stellungen, 232 Kandidaten, 3891s)
[ 111/320]  760  advantage                    1 Halbzuege  (234 Partien, 17027 Stellungen, 233 Kandidaten, 3893s)
[ 112/320] 1160  sacrifice+fork               3 Halbzuege  (235 Partien, 17114 Stellungen, 234 Kandidaten, 3906s)
[ 113/320]  760  advantage                    1 Halbzuege  (235 Partien, 17118 Stellungen, 235 Kandidaten, 3907s)
[ 114/320] 1060  advantage                    3 Halbzuege  (236 Partien, 17180 Stellungen, 236 Kandidaten, 3915s)
[ 115/320] 1340  sacrifice+check+long         5 Halbzuege  (238 Partien, 17368 Stellungen, 239 Kandidaten, 3935s)
[ 116/320] 1240  long                         5 Halbzuege  (238 Partien, 17370 Stellungen, 240 Kandidaten, 3937s)
[ 117/320]  640  hangingPiece                 1 Halbzuege  (242 Partien, 17627 Stellungen, 244 Kandidaten, 3966s)
[ 118/320] 1280  sacrifice+fork               3 Halbzuege  (250 Partien, 18239 Stellungen, 250 Kandidaten, 4012s)
[ 119/320] 1000  hangingPiece+long            5 Halbzuege  (250 Partien, 18241 Stellungen, 251 Kandidaten, 4033s)
[ 120/320]  940  advantage                    3 Halbzuege  (251 Partien, 18272 Stellungen, 253 Kandidaten, 4039s)
[ 121/320] 1240  fork+long                    5 Halbzuege  (254 Partien, 18515 Stellungen, 256 Kandidaten, 4072s)
[ 122/320]  880  advantage                    1 Halbzuege  (257 Partien, 18709 Stellungen, 259 Kandidaten, 4094s)
[ 123/320]  820  hangingPiece                 3 Halbzuege  (260 Partien, 18987 Stellungen, 262 Kandidaten, 4131s)
[ 124/320] 1060  advantage                    3 Halbzuege  (265 Partien, 19244 Stellungen, 265 Kandidaten, 4151s)
[ 125/320]  880  advantage                    1 Halbzuege  (266 Partien, 19342 Stellungen, 266 Kandidaten, 4159s)
[ 126/320] 1160  long                         5 Halbzuege  (266 Partien, 19390 Stellungen, 269 Kandidaten, 4168s)
[ 127/320] 1060  advantage                    3 Halbzuege  (269 Partien, 19585 Stellungen, 270 Kandidaten, 4186s)
[ 128/320]  800  advantage                    1 Halbzuege  (271 Partien, 19746 Stellungen, 275 Kandidaten, 4204s)
[ 129/320]  820  hangingPiece                 3 Halbzuege  (274 Partien, 19979 Stellungen, 278 Kandidaten, 4226s)
[ 130/320] 1060  advantage                    3 Halbzuege  (277 Partien, 20151 Stellungen, 280 Kandidaten, 4245s)
[ 131/320]  940  fork                         3 Halbzuege  (277 Partien, 20185 Stellungen, 282 Kandidaten, 4252s)
[ 132/320]  640  hangingPiece                 1 Halbzuege  (277 Partien, 20187 Stellungen, 283 Kandidaten, 4254s)
[ 133/320] 1120  long                         5 Halbzuege  (278 Partien, 20221 Stellungen, 284 Kandidaten, 4269s)
[ 134/320] 1160  sacrifice+check              3 Halbzuege  (280 Partien, 20408 Stellungen, 287 Kandidaten, 4291s)
[ 135/320]  880  advantage                    1 Halbzuege  (287 Partien, 20916 Stellungen, 291 Kandidaten, 4330s)
[ 136/320]  880  advantage                    1 Halbzuege  (287 Partien, 20920 Stellungen, 292 Kandidaten, 4336s)
[ 137/320] 1060  fork                         3 Halbzuege  (290 Partien, 21116 Stellungen, 295 Kandidaten, 4357s)
[ 138/320]  940  advantage                    3 Halbzuege  (293 Partien, 21285 Stellungen, 298 Kandidaten, 4378s)
[ 139/320] 1120  check+long                   5 Halbzuege  (293 Partien, 21305 Stellungen, 299 Kandidaten, 4384s)
[ 140/320]  760  check                        1 Halbzuege  (293 Partien, 21322 Stellungen, 300 Kandidaten, 4392s)
[ 141/320]  640  hangingPiece                 1 Halbzuege  (293 Partien, 21326 Stellungen, 301 Kandidaten, 4394s)
[ 142/320] 1060  advantage                    3 Halbzuege  (295 Partien, 21401 Stellungen, 302 Kandidaten, 4404s)
[ 143/320]  940  advantage                    3 Halbzuege  (295 Partien, 21419 Stellungen, 303 Kandidaten, 4410s)
[ 144/320] 1120  fork+long                    5 Halbzuege  (295 Partien, 21427 Stellungen, 304 Kandidaten, 4417s)
[ 145/320] 1060  advantage                    3 Halbzuege  (296 Partien, 21527 Stellungen, 306 Kandidaten, 4434s)
[ 146/320]  880  advantage                    1 Halbzuege  (301 Partien, 21837 Stellungen, 310 Kandidaten, 4460s)
Zeitbudget aufgebraucht.

146 Puzzles nach static\puzzles.json geschrieben (4504s, 303 Partien, 22006 Stellungen, 314 Kandidaten).
